============================= test session starts ==============================
platform linux -- Python 3.12.3, pytest-8.3.4, pluggy-1.5.0
rootdir: /home/hamza/hamza-chaieb-4DS1-ml_project
plugins: xdist-3.6.1, cov-6.0.0, anyio-4.8.0
collected 20 items

tests/test_data_processing.py ....                                       [ 20%]
tests/test_main.py ...                                                   [ 35%]
tests/test_model_evaluation.py ..                                        [ 45%]
tests/test_model_persistence.py ....                                     [ 65%]
tests/test_model_pipeline.py ....                                        [ 85%]
tests/test_model_training.py ...                                         [100%]

=============================== warnings summary ===============================
venv/lib/python3.12/site-packages/mlflow/gateway/config.py:62
  /home/hamza/hamza-chaieb-4DS1-ml_project/venv/lib/python3.12/site-packages/mlflow/gateway/config.py:62: PydanticDeprecatedSince20: Pydantic V1 style `@validator` validators are deprecated. You should migrate to Pydantic V2 style `@field_validator` validators, see the migration guide for more details. Deprecated in Pydantic V2.0 to be removed in V3.0. See Pydantic V2 Migration Guide at https://errors.pydantic.dev/2.10/migration/
    @validator("togetherai_api_key", pre=True)

venv/lib/python3.12/site-packages/mlflow/gateway/config.py:76
  /home/hamza/hamza-chaieb-4DS1-ml_project/venv/lib/python3.12/site-packages/mlflow/gateway/config.py:76: PydanticDeprecatedSince20: Pydantic V1 style `@validator` validators are deprecated. You should migrate to Pydantic V2 style `@field_validator` validators, see the migration guide for more details. Deprecated in Pydantic V2.0 to be removed in V3.0. See Pydantic V2 Migration Guide at https://errors.pydantic.dev/2.10/migration/
    @validator("cohere_api_key", pre=True)

venv/lib/python3.12/site-packages/mlflow/gateway/config.py:84
  /home/hamza/hamza-chaieb-4DS1-ml_project/venv/lib/python3.12/site-packages/mlflow/gateway/config.py:84: PydanticDeprecatedSince20: Pydantic V1 style `@validator` validators are deprecated. You should migrate to Pydantic V2 style `@field_validator` validators, see the migration guide for more details. Deprecated in Pydantic V2.0 to be removed in V3.0. See Pydantic V2 Migration Guide at https://errors.pydantic.dev/2.10/migration/
    @validator("ai21labs_api_key", pre=True)

venv/lib/python3.12/site-packages/mlflow/gateway/config.py:93
  /home/hamza/hamza-chaieb-4DS1-ml_project/venv/lib/python3.12/site-packages/mlflow/gateway/config.py:93: PydanticDeprecatedSince20: Pydantic V1 style `@validator` validators are deprecated. You should migrate to Pydantic V2 style `@field_validator` validators, see the migration guide for more details. Deprecated in Pydantic V2.0 to be removed in V3.0. See Pydantic V2 Migration Guide at https://errors.pydantic.dev/2.10/migration/
    @validator("mosaicml_api_key", pre=True)

venv/lib/python3.12/site-packages/mlflow/gateway/config.py:123
  /home/hamza/hamza-chaieb-4DS1-ml_project/venv/lib/python3.12/site-packages/mlflow/gateway/config.py:123: PydanticDeprecatedSince20: Pydantic V1 style `@validator` validators are deprecated. You should migrate to Pydantic V2 style `@field_validator` validators, see the migration guide for more details. Deprecated in Pydantic V2.0 to be removed in V3.0. See Pydantic V2 Migration Guide at https://errors.pydantic.dev/2.10/migration/
    @validator("openai_api_key", pre=True)

venv/lib/python3.12/site-packages/mlflow/gateway/config.py:180
  /home/hamza/hamza-chaieb-4DS1-ml_project/venv/lib/python3.12/site-packages/mlflow/gateway/config.py:180: PydanticDeprecatedSince20: Pydantic V1 style `@validator` validators are deprecated. You should migrate to Pydantic V2 style `@field_validator` validators, see the migration guide for more details. Deprecated in Pydantic V2.0 to be removed in V3.0. See Pydantic V2 Migration Guide at https://errors.pydantic.dev/2.10/migration/
    @validator("anthropic_api_key", pre=True)

venv/lib/python3.12/site-packages/mlflow/gateway/config.py:188
  /home/hamza/hamza-chaieb-4DS1-ml_project/venv/lib/python3.12/site-packages/mlflow/gateway/config.py:188: PydanticDeprecatedSince20: Pydantic V1 style `@validator` validators are deprecated. You should migrate to Pydantic V2 style `@field_validator` validators, see the migration guide for more details. Deprecated in Pydantic V2.0 to be removed in V3.0. See Pydantic V2 Migration Guide at https://errors.pydantic.dev/2.10/migration/
    @validator("palm_api_key", pre=True)

venv/lib/python3.12/site-packages/mlflow/gateway/config.py:228
  /home/hamza/hamza-chaieb-4DS1-ml_project/venv/lib/python3.12/site-packages/mlflow/gateway/config.py:228: PydanticDeprecatedSince20: Pydantic V1 style `@validator` validators are deprecated. You should migrate to Pydantic V2 style `@field_validator` validators, see the migration guide for more details. Deprecated in Pydantic V2.0 to be removed in V3.0. See Pydantic V2 Migration Guide at https://errors.pydantic.dev/2.10/migration/
    @validator("mistral_api_key", pre=True)

venv/lib/python3.12/site-packages/mlflow/gateway/config.py:282
  /home/hamza/hamza-chaieb-4DS1-ml_project/venv/lib/python3.12/site-packages/mlflow/gateway/config.py:282: PydanticDeprecatedSince20: Pydantic V1 style `@validator` validators are deprecated. You should migrate to Pydantic V2 style `@field_validator` validators, see the migration guide for more details. Deprecated in Pydantic V2.0 to be removed in V3.0. See Pydantic V2 Migration Guide at https://errors.pydantic.dev/2.10/migration/
    @validator("provider", pre=True)

venv/lib/python3.12/site-packages/mlflow/gateway/config.py:309
  /home/hamza/hamza-chaieb-4DS1-ml_project/venv/lib/python3.12/site-packages/mlflow/gateway/config.py:309: PydanticDeprecatedSince20: Pydantic V1 style `@validator` validators are deprecated. You should migrate to Pydantic V2 style `@field_validator` validators, see the migration guide for more details. Deprecated in Pydantic V2.0 to be removed in V3.0. See Pydantic V2 Migration Guide at https://errors.pydantic.dev/2.10/migration/
    @validator("config", pre=True)

venv/lib/python3.12/site-packages/mlflow/gateway/config.py:349
  /home/hamza/hamza-chaieb-4DS1-ml_project/venv/lib/python3.12/site-packages/mlflow/gateway/config.py:349: PydanticDeprecatedSince20: Pydantic V1 style `@validator` validators are deprecated. You should migrate to Pydantic V2 style `@field_validator` validators, see the migration guide for more details. Deprecated in Pydantic V2.0 to be removed in V3.0. See Pydantic V2 Migration Guide at https://errors.pydantic.dev/2.10/migration/
    @validator("name")

venv/lib/python3.12/site-packages/mlflow/gateway/config.py:359
  /home/hamza/hamza-chaieb-4DS1-ml_project/venv/lib/python3.12/site-packages/mlflow/gateway/config.py:359: PydanticDeprecatedSince20: Pydantic V1 style `@validator` validators are deprecated. You should migrate to Pydantic V2 style `@field_validator` validators, see the migration guide for more details. Deprecated in Pydantic V2.0 to be removed in V3.0. See Pydantic V2 Migration Guide at https://errors.pydantic.dev/2.10/migration/
    @validator("model", pre=True)

venv/lib/python3.12/site-packages/mlflow/gateway/config.py:370
  /home/hamza/hamza-chaieb-4DS1-ml_project/venv/lib/python3.12/site-packages/mlflow/gateway/config.py:370: PydanticDeprecatedSince20: Pydantic V1 style `@root_validator` validators are deprecated. You should migrate to Pydantic V2 style `@model_validator` validators, see the migration guide for more details. Deprecated in Pydantic V2.0 to be removed in V3.0. See Pydantic V2 Migration Guide at https://errors.pydantic.dev/2.10/migration/
    @root_validator(skip_on_failure=True)

venv/lib/python3.12/site-packages/mlflow/gateway/config.py:392
  /home/hamza/hamza-chaieb-4DS1-ml_project/venv/lib/python3.12/site-packages/mlflow/gateway/config.py:392: PydanticDeprecatedSince20: Pydantic V1 style `@validator` validators are deprecated. You should migrate to Pydantic V2 style `@field_validator` validators, see the migration guide for more details. Deprecated in Pydantic V2.0 to be removed in V3.0. See Pydantic V2 Migration Guide at https://errors.pydantic.dev/2.10/migration/
    @validator("route_type", pre=True)

venv/lib/python3.12/site-packages/mlflow/gateway/config.py:398
  /home/hamza/hamza-chaieb-4DS1-ml_project/venv/lib/python3.12/site-packages/mlflow/gateway/config.py:398: PydanticDeprecatedSince20: Pydantic V1 style `@validator` validators are deprecated. You should migrate to Pydantic V2 style `@field_validator` validators, see the migration guide for more details. Deprecated in Pydantic V2.0 to be removed in V3.0. See Pydantic V2 Migration Guide at https://errors.pydantic.dev/2.10/migration/
    @validator("limit", pre=True)

venv/lib/python3.12/site-packages/pydantic/_internal/_config.py:295
  /home/hamza/hamza-chaieb-4DS1-ml_project/venv/lib/python3.12/site-packages/pydantic/_internal/_config.py:295: PydanticDeprecatedSince20: Support for class-based `config` is deprecated, use ConfigDict instead. Deprecated in Pydantic V2.0 to be removed in V3.0. See Pydantic V2 Migration Guide at https://errors.pydantic.dev/2.10/migration/
    warnings.warn(DEPRECATION_MESSAGE, DeprecationWarning)

tests/test_main.py::test_prepare_data_traced
tests/test_main.py::test_prepare_data_traced
tests/test_main.py::test_prepare_data_traced
  /home/hamza/hamza-chaieb-4DS1-ml_project/venv/lib/python3.12/site-packages/pydantic/fields.py:1011: PydanticDeprecatedSince20: `min_items` is deprecated and will be removed, use `min_length` instead. Deprecated in Pydantic V2.0 to be removed in V3.0. See Pydantic V2 Migration Guide at https://errors.pydantic.dev/2.10/migration/
    warn('`min_items` is deprecated and will be removed, use `min_length` instead', DeprecationWarning)

tests/test_main.py: 21 warnings
tests/test_model_evaluation.py: 22 warnings
tests/test_model_pipeline.py: 22 warnings
tests/test_model_training.py: 20 warnings
  /home/hamza/hamza-chaieb-4DS1-ml_project/venv/lib/python3.12/site-packages/_plotly_utils/basevalidators.py:2596: DeprecationWarning:
  
  *scattermapbox* is deprecated! Use *scattermap* instead. Learn more at: https://plotly.com/python/mapbox-to-maplibre/

tests/test_main.py::test_train_model_traced
  /home/hamza/hamza-chaieb-4DS1-ml_project/venv/lib/python3.12/site-packages/xgboost/core.py:158: UserWarning:
  
  [02:49:08] WARNING: /workspace/src/learner.cc:740: 
  Parameters: { "use_label_encoder" } are not used.

tests/test_main.py::test_train_model_traced
  /home/hamza/hamza-chaieb-4DS1-ml_project/venv/lib/python3.12/site-packages/xgboost/core.py:158: UserWarning:
  
  [02:49:08] WARNING: /workspace/src/common/error_msg.cc:52: Empty dataset at worker: 0

tests/test_main.py::test_train_model_traced
  /home/hamza/hamza-chaieb-4DS1-ml_project/venv/lib/python3.12/site-packages/xgboost/core.py:158: UserWarning:
  
  [02:49:08] WARNING: /workspace/src/metric/auc.cc:324: Dataset is empty, or contains only positive or negative samples.

tests/test_main.py::test_evaluate_model_traced
  /home/hamza/hamza-chaieb-4DS1-ml_project/venv/lib/python3.12/site-packages/xgboost/core.py:158: UserWarning:
  
  [02:49:10] WARNING: /workspace/src/learner.cc:740: 
  Parameters: { "use_label_encoder" } are not used.

tests/test_main.py::test_evaluate_model_traced
  /home/hamza/hamza-chaieb-4DS1-ml_project/venv/lib/python3.12/site-packages/xgboost/core.py:158: UserWarning:
  
  [02:49:10] WARNING: /workspace/src/metric/auc.cc:324: Dataset is empty, or contains only positive or negative samples.

tests/test_main.py::test_evaluate_model_traced
tests/test_model_evaluation.py::test_evaluate_model_metrics
tests/test_model_evaluation.py::test_evaluate_model_artifacts
tests/test_model_pipeline.py::TestModelPipeline::test_evaluate_model_metrics
  /home/hamza/hamza-chaieb-4DS1-ml_project/venv/lib/python3.12/site-packages/sklearn/metrics/_classification.py:1565: UndefinedMetricWarning:
  
  Precision is ill-defined and being set to 0.0 due to no predicted samples. Use `zero_division` parameter to control this behavior.

tests/test_main.py: 6 warnings
tests/test_model_evaluation.py: 12 warnings
tests/test_model_pipeline.py: 6 warnings
  /home/hamza/hamza-chaieb-4DS1-ml_project/venv/lib/python3.12/site-packages/sklearn/metrics/_classification.py:1565: UndefinedMetricWarning:
  
  Precision is ill-defined and being set to 0.0 in labels with no predicted samples. Use `zero_division` parameter to control this behavior.

tests/test_model_evaluation.py::test_evaluate_model_metrics
  /home/hamza/hamza-chaieb-4DS1-ml_project/venv/lib/python3.12/site-packages/xgboost/core.py:158: UserWarning:
  
  [02:49:12] WARNING: /workspace/src/learner.cc:740: 
  Parameters: { "use_label_encoder" } are not used.

tests/test_model_evaluation.py::test_evaluate_model_metrics
  /home/hamza/hamza-chaieb-4DS1-ml_project/venv/lib/python3.12/site-packages/xgboost/core.py:158: UserWarning:
  
  [02:49:12] WARNING: /workspace/src/metric/auc.cc:324: Dataset is empty, or contains only positive or negative samples.

tests/test_model_evaluation.py::test_evaluate_model_metrics
  /home/hamza/hamza-chaieb-4DS1-ml_project/venv/lib/python3.12/site-packages/xgboost/core.py:158: UserWarning:
  
  [02:49:13] WARNING: /workspace/src/metric/auc.cc:324: Dataset is empty, or contains only positive or negative samples.

tests/test_model_evaluation.py::test_evaluate_model_artifacts
  /home/hamza/hamza-chaieb-4DS1-ml_project/venv/lib/python3.12/site-packages/xgboost/core.py:158: UserWarning:
  
  [02:49:15] WARNING: /workspace/src/learner.cc:740: 
  Parameters: { "use_label_encoder" } are not used.

tests/test_model_evaluation.py::test_evaluate_model_artifacts
  /home/hamza/hamza-chaieb-4DS1-ml_project/venv/lib/python3.12/site-packages/xgboost/core.py:158: UserWarning:
  
  [02:49:15] WARNING: /workspace/src/metric/auc.cc:324: Dataset is empty, or contains only positive or negative samples.

tests/test_model_evaluation.py::test_evaluate_model_artifacts
  /home/hamza/hamza-chaieb-4DS1-ml_project/venv/lib/python3.12/site-packages/xgboost/core.py:158: UserWarning:
  
  [02:49:16] WARNING: /workspace/src/metric/auc.cc:324: Dataset is empty, or contains only positive or negative samples.

tests/test_model_pipeline.py::TestModelPipeline::test_train_model_returns_model
  /home/hamza/hamza-chaieb-4DS1-ml_project/venv/lib/python3.12/site-packages/xgboost/core.py:158: UserWarning:
  
  [02:49:18] WARNING: /workspace/src/learner.cc:740: 
  Parameters: { "use_label_encoder" } are not used.

tests/test_model_pipeline.py::TestModelPipeline::test_train_model_returns_model
  /home/hamza/hamza-chaieb-4DS1-ml_project/venv/lib/python3.12/site-packages/xgboost/core.py:158: UserWarning:
  
  [02:49:18] WARNING: /workspace/src/metric/auc.cc:324: Dataset is empty, or contains only positive or negative samples.

tests/test_model_pipeline.py::TestModelPipeline::test_evaluate_model_metrics
  /home/hamza/hamza-chaieb-4DS1-ml_project/venv/lib/python3.12/site-packages/xgboost/core.py:158: UserWarning:
  
  [02:49:19] WARNING: /workspace/src/learner.cc:740: 
  Parameters: { "use_label_encoder" } are not used.

tests/test_model_pipeline.py::TestModelPipeline::test_evaluate_model_metrics
  /home/hamza/hamza-chaieb-4DS1-ml_project/venv/lib/python3.12/site-packages/xgboost/core.py:158: UserWarning:
  
  [02:49:19] WARNING: /workspace/src/metric/auc.cc:324: Dataset is empty, or contains only positive or negative samples.

tests/test_model_training.py::test_train_model_returns_model
  /home/hamza/hamza-chaieb-4DS1-ml_project/venv/lib/python3.12/site-packages/xgboost/core.py:158: UserWarning:
  
  [02:49:21] WARNING: /workspace/src/learner.cc:740: 
  Parameters: { "use_label_encoder" } are not used.

tests/test_model_training.py::test_train_model_returns_model
  /home/hamza/hamza-chaieb-4DS1-ml_project/venv/lib/python3.12/site-packages/xgboost/core.py:158: UserWarning:
  
  [02:49:21] WARNING: /workspace/src/metric/auc.cc:324: Dataset is empty, or contains only positive or negative samples.

tests/test_model_training.py::test_train_model_returns_model
  /home/hamza/hamza-chaieb-4DS1-ml_project/venv/lib/python3.12/site-packages/xgboost/core.py:158: UserWarning:
  
  [02:49:22] WARNING: /workspace/src/metric/auc.cc:324: Dataset is empty, or contains only positive or negative samples.

tests/test_model_training.py::test_train_model_predicts
  /home/hamza/hamza-chaieb-4DS1-ml_project/venv/lib/python3.12/site-packages/xgboost/core.py:158: UserWarning:
  
  [02:49:23] WARNING: /workspace/src/learner.cc:740: 
  Parameters: { "use_label_encoder" } are not used.

tests/test_model_training.py::test_train_model_predicts
  /home/hamza/hamza-chaieb-4DS1-ml_project/venv/lib/python3.12/site-packages/xgboost/core.py:158: UserWarning:
  
  [02:49:23] WARNING: /workspace/src/metric/auc.cc:324: Dataset is empty, or contains only positive or negative samples.

venv/lib/python3.12/site-packages/_pytest/cacheprovider.py:475
  /home/hamza/hamza-chaieb-4DS1-ml_project/venv/lib/python3.12/site-packages/_pytest/cacheprovider.py:475: PytestCacheWarning:
  
  cache could not write path /home/hamza/hamza-chaieb-4DS1-ml_project/.pytest_cache/v/cache/nodeids: [Errno 13] Permission denied: '/home/hamza/hamza-chaieb-4DS1-ml_project/.pytest_cache/v/cache/nodeids'

venv/lib/python3.12/site-packages/_pytest/stepwise.py:51
  /home/hamza/hamza-chaieb-4DS1-ml_project/venv/lib/python3.12/site-packages/_pytest/stepwise.py:51: PytestCacheWarning:
  
  cache could not write path /home/hamza/hamza-chaieb-4DS1-ml_project/.pytest_cache/v/cache/stepwise: [Errno 13] Permission denied: '/home/hamza/hamza-chaieb-4DS1-ml_project/.pytest_cache/v/cache/stepwise'

-- Docs: https://docs.pytest.org/en/stable/how-to/capture-warnings.html
====================== 20 passed, 154 warnings in 22.08s =======================
